==================================================
تقرير التقييم الشامل - 2025-12-13
نظام التقييم التربوي - الإصدار 4.0
==================================================

📋 بيانات التلميذ:
• الاسم: Test Student
• المستوى: Grade 1
• تاريخ الميلاد: 2018-01-01

📊 ملخص الأداء:
• النسبة العامة: 75.0%
• الأداء الأكاديمي: 100.0%
• الأداء السلوكي: 50.0%
• نقاط تحتاج لتحسين: 1

📝 التحليل النوعي:
Good student.

💡 خطة العمل المقترحة:
- Sharing: Practice sharing

📑 التفاصيل حسب المجالات:
------------------------------

[المواد الدراسية]

♦ Math:
  - Counting: مكتسب

[المهارات السلوكية]

♦ Social:
  > General:
    - Sharing: في طريق الاكتساب

==================================================
تم إنشاء هذا التقرير آلياً بواسطة نظام التقييم الشامل.